
> guest-room-dashboard@0.1.0 build
> react-scripts build

(node:88260) [DEP0176] DeprecationWarning: fs.F_OK is deprecated, use fs.constants.F_OK instead
(Use `node --trace-deprecation ...` to show where the warning was created)
Creating an optimized production build...
Compiled with warnings.

[eslint] 
src\GuestRoomDashboard.jsx
  Line 6:10:   'AlertCircle' is defined but never used                no-unused-vars
  Line 15:8:   'GuestEnquiryPage' is defined but never used           no-unused-vars
  Line 56:9:   'isRestrictedRole' is assigned a value but never used  no-unused-vars
  Line 551:9:  'extendBooking' is assigned a value but never used     no-unused-vars

src\VenueBookingDashboard.jsx
  Line 179:29:  'setCalendarFocusDate' is assigned a value but never used  no-unused-vars

src\components\AllHostels\ConsolidatedBookingModal.js
  Line 15:7:  'API' is assigned a value but never used  no-unused-vars

src\components\BillHistoryModal.jsx
  Line 79:6:  React Hook useEffect has a missing dependency: 'booking'. Either include it or remove the dependency array  react-hooks/exhaustive-deps

src\components\DirectBookingModal.jsx
  Line 6:38:  'combineDateAndTime' is defined but never used  no-unused-vars

src\components\EchoModal.jsx
  Line 4:3:  'BrainCircuit' is defined but never used  no-unused-vars

src\components\ExtensionModal.jsx
  Line 15:7:  'API' is assigned a value but never used  no-unused-vars

src\components\FilterModal.jsx
  Line 35:27:   'setShowAllBookings' is assigned a value but never used                                                           no-unused-vars
  Line 59:6:    React Hook useEffect has a missing dependency: 'handleShowAll'. Either include it or remove the dependency array  react-hooks/exhaustive-deps
  Line 164:11:  'now' is assigned a value but never used                                                                          no-unused-vars

src\components\GuestDetails.jsx
  Line 13:8:   'autoTable' is defined but never used                                                                                                                                                                                                                     no-unused-vars
  Line 15:8:   'PaymentSection' is defined but never used                                                                                                                                                                                                                no-unused-vars
  Line 26:3:   'formatDate' is defined but never used                                                                                                                                                                                                                    no-unused-vars
  Line 66:10:  'showCheckOutModal' is assigned a value but never used                                                                                                                                                                                                    no-unused-vars
  Line 66:29:  'setShowCheckOutModal' is assigned a value but never used                                                                                                                                                                                                 no-unused-vars
  Line 67:10:  'checkOutComment' is assigned a value but never used                                                                                                                                                                                                      no-unused-vars
  Line 67:27:  'setCheckOutComment' is assigned a value but never used                                                                                                                                                                                                   no-unused-vars
  Line 138:6:  React Hook useEffect has a missing dependency: 'normalizeBooking'. Either include it or remove the dependency array                                                                                                                                       react-hooks/exhaustive-deps
  Line 303:6:  React Hook useEffect has missing dependencies: 'normalizeBooking' and 'onCancel'. Either include them or remove the dependency array. If 'onCancel' changes too often, find the parent component that defines it and wrap that definition in useCallback  react-hooks/exhaustive-deps
  Line 424:6:  React Hook useEffect has missing dependencies: 'activeRoomRef?.hostel', 'activeRoomRef?.roomNo', and 'normalizeBooking'. Either include them or remove the dependency array                                                                               react-hooks/exhaustive-deps

src\components\GuestDetails\PaymentSection.jsx
  Line 3:10:  'Download' is defined but never used               no-unused-vars
  Line 6:7:   'API' is assigned a value but never used           no-unused-vars
  Line 9:10:  'debugInfo' is assigned a value but never used     no-unused-vars
  Line 9:21:  'setDebugInfo' is assigned a value but never used  no-unused-vars

src\components\LiveBookingCounter.jsx
  Line 19:9:   'assignedHostel' is assigned a value but never used                                                                  no-unused-vars
  Line 101:6:  React Hook useCallback has an unnecessary dependency: 'userRole'. Either exclude it or remove the dependency array   react-hooks/exhaustive-deps
  Line 118:6:  React Hook useEffect has a missing dependency: 'isRestrictedRole'. Either include it or remove the dependency array  react-hooks/exhaustive-deps
  Line 137:6:  React Hook useEffect has a missing dependency: 'isRestrictedRole'. Either include it or remove the dependency array  react-hooks/exhaustive-deps

src\components\MainContent.jsx
  Line 18:8:     'PaymentModal' is defined but never used                                                                      no-unused-vars
  Line 19:8:     'ExtensionModal' is defined but never used                                                                    no-unused-vars
  Line 33:3:     'apiFetchHostels' is defined but never used                                                                   no-unused-vars
  Line 34:3:     'apiFetchBookings' is defined but never used                                                                  no-unused-vars
  Line 52:5:     'bookingSelectModal' is assigned a value but never used                                                       no-unused-vars
  Line 53:5:     'setBookingSelectModal' is assigned a value but never used                                                    no-unused-vars
  Line 63:5:     'handleStartDirectBooking' is assigned a value but never used                                                 no-unused-vars
  Line 68:5:     'currentUserData' is assigned a value but never used                                                          no-unused-vars
  Line 69:5:     'handleCancelModalCancel' is assigned a value but never used                                                  no-unused-vars
  Line 234:6:    React Hook useEffect has a missing dependency: 'showToast'. Either include it or remove the dependency array  react-hooks/exhaustive-deps
  Line 637:9:    'checkTimeOverlap' is assigned a value but never used                                                         no-unused-vars
  Line 1129:29:  'effectiveFrom' is assigned a value but never used                                                            no-unused-vars

src\components\PaymentModal.jsx
  Line 4:70:  'Building2' is defined but never used                                                                                                           no-unused-vars
  Line 88:6:  React Hook useEffect has a missing dependency: 'paidAmount'. Either include it or remove the dependency array                                   react-hooks/exhaustive-deps
  Line 95:6:  React Hook useEffect has missing dependencies: 'amountAfterDiscount' and 'billPaymentType'. Either include them or remove the dependency array  react-hooks/exhaustive-deps
  Line 98:9:  'downloadBill' is assigned a value but never used                                                                                               no-unused-vars

src\components\ReportedModal.jsx
  Line 47:10:  'checkoutSource' is assigned a value but never used                                                                                                                               no-unused-vars
  Line 57:6:   React Hook useEffect has missing dependencies: 'checkRoomAvailability', 'isAlreadyReported', 'isNoShow', and 'isNotReported'. Either include them or remove the dependency array  react-hooks/exhaustive-deps
  Line 63:9:   'hasPendingPayment' is assigned a value but never used                                                                                                                            no-unused-vars

src\components\RoomBlockingModals.jsx
  Line 5:71:  'Building' is defined but never used  no-unused-vars
  Line 5:81:  'FileText' is defined but never used  no-unused-vars

src\components\RoomCard.jsx
  Line 39:9:    'userEmail' is assigned a value but never used                                                                      no-unused-vars
  Line 130:77:  React Hook useMemo has a missing dependency: 'isUpcomingBooking'. Either include it or remove the dependency array  react-hooks/exhaustive-deps
  Line 133:5:   React Hook useMemo has a missing dependency: 'isPastBooking'. Either include it or remove the dependency array      react-hooks/exhaustive-deps

src\components\VenueBookings\VenueBookingListModal.js
  Line 4:13:  'Calendar' is defined but never used      no-unused-vars
  Line 4:44:  'CheckCircle2' is defined but never used  no-unused-vars

src\components\VenueBookings\VenueBookingModal.jsx
  Line 160:6:  React Hook useEffect has a missing dependency: 'prefill'. Either include it or remove the dependency array. If 'setFormData' needs the current value of 'prefill', you can also switch to useReducer instead of useState and read 'prefill' in the reducer  react-hooks/exhaustive-deps

src\components\VenueBookings\VenueGrid.jsx
  Line 82:23:  'firstBooking' is assigned a value but never used  no-unused-vars

src\components\VenueBookings\VenueMainContent.jsx
  Line 3:18:  'AnimatePresence' is defined but never used  no-unused-vars

src\components\VenueBookings\VenueSearchFilterModal.jsx
  Line 4:53:  'Mail' is defined but never used  no-unused-vars

src\components\VenueBookings\VenueUpcomingBookings.jsx
  Line 14:3:  'CalendarDays' is defined but never used  no-unused-vars

src\components\community\CreatePostModal.jsx
  Line 4:21:  'Loader2' is defined but never used                no-unused-vars
  Line 8:3:   'IMAGEKIT_URL_ENDPOINT' is defined but never used  no-unused-vars

src\context\AuthContext.js
  Line 4:10:   'BACKEND_URL' is defined but never used                                                                                                                                                                                         no-unused-vars
  Line 64:9:   The 'login' function makes the dependencies of useMemo Hook (at line 174) change on every render. Move it inside the useMemo callback. Alternatively, wrap the definition of 'login' in its own useCallback() Hook              react-hooks/exhaustive-deps
  Line 106:9:  The 'googleLogin' function makes the dependencies of useMemo Hook (at line 174) change on every render. Move it inside the useMemo callback. Alternatively, wrap the definition of 'googleLogin' in its own useCallback() Hook  react-hooks/exhaustive-deps
  Line 135:9:  The 'logout' function makes the dependencies of useMemo Hook (at line 174) change on every render. Move it inside the useMemo callback. Alternatively, wrap the definition of 'logout' in its own useCallback() Hook            react-hooks/exhaustive-deps

src\context\ToastContext.jsx
  Line 39:6:  React Hook useCallback has a missing dependency: 'sounds'. Either include it or remove the dependency array  react-hooks/exhaustive-deps

src\hooks\useBookingHandlers.js
  Line 4:29:   'getGuestName' is defined but never used                                                                                                                                                                                      no-unused-vars
  Line 677:5:  React Hook useCallback has an unnecessary dependency: 'API'. Either exclude it or remove the dependency array. Outer scope values like 'API' aren't valid dependencies because mutating them doesn't re-render the component  react-hooks/exhaustive-deps

src\hooks\useVenueBookingHandlers.js
  Line 4:10:    'isDateTimeRangeOverlapping' is defined but never used  no-unused-vars
  Line 209:17:  'hall' is assigned a value but never used               no-unused-vars
  Line 209:23:  'room' is assigned a value but never used               no-unused-vars

src\pages\AboutUsPage.jsx
  Line 5:14:  'Github' is defined but never used  no-unused-vars

src\pages\AdminEnquiryPage.jsx
  Line 4:10:   'useToast' is defined but never used                                                                              no-unused-vars
  Line 28:26:  Unnecessary escape character: \"                                                                                  no-useless-escape
  Line 28:34:  Unnecessary escape character: \"                                                                                  no-useless-escape
  Line 135:6:  React Hook useEffect has a missing dependency: 'loadEnquiries'. Either include it or remove the dependency array  react-hooks/exhaustive-deps
  Line 192:6:  React Hook useEffect has a missing dependency: 'loadEnquiries'. Either include it or remove the dependency array  react-hooks/exhaustive-deps

src\pages\AllHostelsPortal.jsx
  Line 25:7:    'API' is assigned a value but never used                                                                                                no-unused-vars
  Line 117:6:   React Hook useMemo has a missing dependency: 'filteredHostelData'. Either include it or remove the dependency array                     react-hooks/exhaustive-deps
  Line 117:7:   React Hook useMemo has a complex expression in the dependency array. Extract it to a separate variable so it can be statically checked  react-hooks/exhaustive-deps
  Line 120:34:  React Hook useCallback has a missing dependency: 'setSelectedRooms'. Either include it or remove the dependency array                   react-hooks/exhaustive-deps
  Line 121:37:  React Hook useCallback has a missing dependency: 'setConsolidateModal'. Either include it or remove the dependency array                react-hooks/exhaustive-deps
  Line 122:34:  React Hook useCallback has a missing dependency: 'setSelectionMode'. Either include it or remove the dependency array                   react-hooks/exhaustive-deps
  Line 123:37:  React Hook useCallback has a missing dependency: 'setBookingCompleted'. Either include it or remove the dependency array                react-hooks/exhaustive-deps
  Line 124:40:  React Hook useCallback has a missing dependency: 'setBookingDetailsModal'. Either include it or remove the dependency array             react-hooks/exhaustive-deps
  Line 125:37:  React Hook useCallback has a missing dependency: 'setBookingListModal'. Either include it or remove the dependency array                react-hooks/exhaustive-deps
  Line 126:32:  React Hook useCallback has a missing dependency: 'setCancelModal'. Either include it or remove the dependency array                     react-hooks/exhaustive-deps
  Line 127:39:  React Hook useCallback has a missing dependency: 'setDirectBookingModal'. Either include it or remove the dependency array              react-hooks/exhaustive-deps
  Line 128:35:  React Hook useCallback has a missing dependency: 'setExtensionModal'. Either include it or remove the dependency array                  react-hooks/exhaustive-deps
  Line 129:32:  React Hook useCallback has a missing dependency: 'setVacantRooms'. Either include it or remove the dependency array                     react-hooks/exhaustive-deps
  Line 130:32:  React Hook useCallback has a missing dependency: 'setFilterModal'. Either include it or remove the dependency array                     react-hooks/exhaustive-deps
  Line 194:6:   React Hook useEffect has a missing dependency: 'prefillGuest'. Either include it or remove the dependency array                         react-hooks/exhaustive-deps
  Line 352:9:   'activeHostelData' is assigned a value but never used                                                                                   no-unused-vars

src\pages\AnalyticsPage.jsx
  Line 7:3:    'LineChart' is defined but never used              no-unused-vars
  Line 7:14:   'Line' is defined but never used                   no-unused-vars
  Line 12:8:   'Creator' is defined but never used                no-unused-vars
  Line 272:9:  'paidBookings' is assigned a value but never used  no-unused-vars

src\pages\ApprovalPage.jsx
  Line 9:3:    'Calendar' is defined but never used      no-unused-vars
  Line 19:3:   'Filter' is defined but never used        no-unused-vars
  Line 30:8:   'Sidebar' is defined but never used       no-unused-vars
  Line 800:9:  'cfg' is assigned a value but never used  no-unused-vars

src\pages\BookingsPage.jsx
  Line 56:9:  'role' is assigned a value but never used  no-unused-vars

src\pages\CommunityFeedbackPage.jsx
  Line 6:28:  'Filter' is defined but never used                                                                                   no-unused-vars
  Line 8:27:  'ChevronDown' is defined but never used                                                                              no-unused-vars
  Line 72:6:  React Hook useEffect has a missing dependency: 'handleCredential'. Either include it or remove the dependency array  react-hooks/exhaustive-deps

src\pages\DefaulterManagement.jsx
  Line 6:22:      'Calendar' is defined but never used                                    no-unused-vars
  Line 6:32:      'Building2' is defined but never used                                   no-unused-vars
  Line 6:43:      'ChevronLeft' is defined but never used                                 no-unused-vars
  Line 7:3:       'ChevronRight' is defined but never used                                no-unused-vars
  Line 7:34:      'TrendingUp' is defined but never used                                  no-unused-vars
  Line 34:10:     'error' is assigned a value but never used                              no-unused-vars
  Line 35:9:      'ikRollbackUploadRef' is assigned a value but never used                no-unused-vars
  Line 367:9:     'getSeverityColor' is assigned a value but never used                   no-unused-vars
  Line 1214:27:   'isFullyPaid' is assigned a value but never used                        no-unused-vars
  Line 1350:123:  Comments inside children section of tag should be placed inside braces  react/jsx-no-comment-textnodes

src\pages\DepartmentPaymentsPending.jsx
  Line 32:6:  React Hook useEffect has a missing dependency: 'fetchPendingPayments'. Either include it or remove the dependency array  react-hooks/exhaustive-deps
  Line 69:6:  React Hook useEffect has a missing dependency: 'fetchPendingPayments'. Either include it or remove the dependency array  react-hooks/exhaustive-deps

src\pages\FeedbackPage.jsx
  Line 6:14:  'MapPin' is defined but never used  no-unused-vars
  Line 6:33:  'Trash2' is defined but never used  no-unused-vars
  Line 7:3:   'Award' is defined but never used   no-unused-vars
  Line 7:38:  'Users' is defined but never used   no-unused-vars

src\pages\InstallApp.jsx
  Line 6:37:  'ArrowUp' is defined but never used         no-unused-vars
  Line 82:9:  'isIOS' is assigned a value but never used  no-unused-vars

src\pages\Login.jsx
  Line 65:6:  React Hook useEffect has a missing dependency: 'backgrounds.length'. Either include it or remove the dependency array  react-hooks/exhaustive-deps

src\pages\PublicDashboardSelector.jsx
  Line 6:37:    'AlertCircle' is defined but never used        no-unused-vars
  Line 7:38:    'Github' is defined but never used             no-unused-vars
  Line 57:7:    'TIMELINE' is assigned a value but never used  no-unused-vars
  Line 116:10:  'FadeUp' is defined but never used             no-unused-vars

src\pages\PublicEventCalendar.jsx
  Line 14:3:    'Code' is defined but never used                no-unused-vars
  Line 141:10:  'societies' is assigned a value but never used  no-unused-vars

src\pages\PublicGuestFeedback.jsx
  Line 140:9:  'navigate' is assigned a value but never used  no-unused-vars

src\pages\PublicVenueCalendar.jsx
  Line 7:10:  'motion' is defined but never used           no-unused-vars
  Line 7:18:  'AnimatePresence' is defined but never used  no-unused-vars
  Line 13:3:  'ExternalLink' is defined but never used     no-unused-vars

src\pages\SettingsPage.jsx
  Line 205:6:  React Hook useEffect has a missing dependency: 'fetchHostelsFromBackend'. Either include it or remove the dependency array  react-hooks/exhaustive-deps

src\pages\SocietyBudgetPage.jsx
  Line 17:3:   'ExternalLink' is defined but never used  no-unused-vars
  Line 22:12:  'ImageIcon' is defined but never used     no-unused-vars

src\pages\VenueAnalyticsPage.jsx
  Line 8:41:  'DollarSign' is defined but never used                  no-unused-vars
  Line 9:22:  'Clock' is defined but never used                       no-unused-vars
  Line 71:9:  'uniqueDepartments' is assigned a value but never used  no-unused-vars

src\pages\VenueAssistantEnquiryPage.jsx
  Line 6:18:   'AnimatePresence' is defined but never used                                                                       no-unused-vars
  Line 11:3:   'Home' is defined but never used                                                                                  no-unused-vars
  Line 15:3:   'ListFilter' is defined but never used                                                                            no-unused-vars
  Line 16:3:   'Download' is defined but never used                                                                              no-unused-vars
  Line 18:3:   'Clock' is defined but never used                                                                                 no-unused-vars
  Line 19:3:   'User' is defined but never used                                                                                  no-unused-vars
  Line 22:3:   'Building2' is defined but never used                                                                             no-unused-vars
  Line 34:26:  Unnecessary escape character: \"                                                                                  no-useless-escape
  Line 34:34:  Unnecessary escape character: \"                                                                                  no-useless-escape
  Line 161:6:  React Hook useEffect has a missing dependency: 'loadEnquiries'. Either include it or remove the dependency array  react-hooks/exhaustive-deps
  Line 228:6:  React Hook useEffect has a missing dependency: 'loadEnquiries'. Either include it or remove the dependency array  react-hooks/exhaustive-deps

src\pages\VenueBookingsPortal.jsx
  Line 2:27:  'motion' is defined but never used                  no-unused-vars
  Line 5:10:  'isDailySlotOverlapping' is defined but never used  no-unused-vars

src\pages\VenueCalendarPage.jsx
  Line 5:33:    'MapPin' is defined but never used              no-unused-vars
  Line 6:3:     'ChevronLeft' is defined but never used         no-unused-vars
  Line 6:16:    'ChevronRight' is defined but never used        no-unused-vars
  Line 377:11:  'showToast' is assigned a value but never used  no-unused-vars

src\pages\VenueGuestEnquiryPage.jsx
  Line 8:41:   'FileText' is defined but never used              no-unused-vars
  Line 8:68:   'Users' is defined but never used                 no-unused-vars
  Line 8:75:   'Building2' is defined but never used             no-unused-vars
  Line 96:10:  'uploadError' is assigned a value but never used  no-unused-vars

src\pages\WaivedBillsPage.jsx
  Line 47:6:  React Hook useEffect has a missing dependency: 'fetchBills'. Either include it or remove the dependency array  react-hooks/exhaustive-deps

src\pages\admin\AdvancedAnalyticsPage.jsx
  Line 1:38:   'useRef' is defined but never used                                                                          no-unused-vars
  Line 2:10:   'useNavigate' is defined but never used                                                                     no-unused-vars
  Line 3:18:   'AnimatePresence' is defined but never used                                                                 no-unused-vars
  Line 5:14:   'Calendar' is defined but never used                                                                        no-unused-vars
  Line 5:24:   'Moon' is defined but never used                                                                            no-unused-vars
  Line 5:37:   'Search' is defined but never used                                                                          no-unused-vars
  Line 5:45:   'Sparkles' is defined but never used                                                                        no-unused-vars
  Line 5:55:   'Lock' is defined but never used                                                                            no-unused-vars
  Line 6:3:    'X' is defined but never used                                                                               no-unused-vars
  Line 6:6:    'ArrowRight' is defined but never used                                                                      no-unused-vars
  Line 6:18:   'LayoutDashboard' is defined but never used                                                                 no-unused-vars
  Line 6:35:   'Settings' is defined but never used                                                                        no-unused-vars
  Line 6:58:   'LogOut' is defined but never used                                                                          no-unused-vars
  Line 7:3:    'Package' is defined but never used                                                                         no-unused-vars
  Line 7:32:   'ExternalLink' is defined but never used                                                                    no-unused-vars
  Line 7:46:   'Send' is defined but never used                                                                            no-unused-vars
  Line 8:3:    'BrainCircuit' is defined but never used                                                                    no-unused-vars
  Line 8:17:   'QrCode' is defined but never used                                                                          no-unused-vars
  Line 8:40:   'CalendarDays' is defined but never used                                                                    no-unused-vars
  Line 9:13:   'HelpCircle' is defined but never used                                                                      no-unused-vars
  Line 9:25:   'BarChart3' is defined but never used                                                                       no-unused-vars
  Line 9:42:   'ChevronRight' is defined but never used                                                                    no-unused-vars
  Line 9:56:   'Home' is defined but never used                                                                            no-unused-vars
  Line 10:3:   'Grid' is defined but never used                                                                            no-unused-vars
  Line 12:13:  'Zap' is defined but never used                                                                             no-unused-vars
  Line 12:26:  'MousePointer' is defined but never used                                                                    no-unused-vars
  Line 14:8:   'CreatorProfile' is defined but never used                                                                  no-unused-vars
  Line 15:10:  'useAuth' is defined but never used                                                                         no-unused-vars
  Line 25:7:   'DASHBOARD_SELECTOR_ENABLED' is assigned a value but never used                                             no-unused-vars
  Line 103:6:  React Hook useEffect has a missing dependency: 'ga4Days'. Either include it or remove the dependency array  react-hooks/exhaustive-deps

src\pages\admin\DashboardSelector.jsx
  Line 2:38:    'useRef' is defined but never used                                                                          no-unused-vars
  Line 6:31:    'Search' is defined but never used                                                                          no-unused-vars
  Line 7:35:    'Settings' is defined but never used                                                                        no-unused-vars
  Line 7:58:    'LogOut' is defined but never used                                                                          no-unused-vars
  Line 8:3:     'Package' is defined but never used                                                                         no-unused-vars
  Line 8:32:    'ExternalLink' is defined but never used                                                                    no-unused-vars
  Line 8:46:    'Send' is defined but never used                                                                            no-unused-vars
  Line 9:3:     'BrainCircuit' is defined but never used                                                                    no-unused-vars
  Line 9:17:    'QrCode' is defined but never used                                                                          no-unused-vars
  Line 10:13:   'HelpCircle' is defined but never used                                                                      no-unused-vars
  Line 10:42:   'ChevronRight' is defined but never used                                                                    no-unused-vars
  Line 10:56:   'Home' is defined but never used                                                                            no-unused-vars
  Line 11:3:    'Grid' is defined but never used                                                                            no-unused-vars
  Line 13:13:   'Zap' is defined but never used                                                                             no-unused-vars
  Line 13:26:   'MousePointer' is defined but never used                                                                    no-unused-vars
  Line 13:40:   'Mail' is defined but never used                                                                            no-unused-vars
  Line 103:68:  React Hook useEffect has a missing dependency: 'ga4Days'. Either include it or remove the dependency array  react-hooks/exhaustive-deps
  Line 901:9:   'email' is assigned a value but never used                                                                  no-unused-vars

src\pages\admin\EchoKnowledgePage.jsx
  Line 1:41:  'useMemo' is defined but never used  no-unused-vars

src\providers\ImageKitProvider.jsx
  Line 9:7:  'API' is assigned a value but never used  no-unused-vars

src\socket.js
  Line 3:10:  'BACKEND_URL' is defined but never used  no-unused-vars

src\utils\apiConfig.js
  Line 57:1:  Assign object to a variable before exporting as module default  import/no-anonymous-default-export

Search for the keywords to learn more about each warning.
To ignore, add // eslint-disable-next-line to the line before.

File sizes after gzip:

  791.85 kB (+70 B)  build\static\js\main.31b4ef39.js
  46.36 kB           build\static\js\239.807d605c.chunk.js
  33.57 kB           build\static\js\732.6c22405a.chunk.js
  26.02 kB           build\static\css\main.fb0f0433.css
  8.75 kB            build\static\js\977.f96a1f56.chunk.js

The bundle size is significantly larger than recommended.
Consider reducing it with code splitting: https://goo.gl/9VhYWB
You can also analyze the project dependencies: https://goo.gl/LeUzfb

The project was built assuming it is hosted at /.
You can control this with the homepage field in your package.json.

The build folder is ready to be deployed.
You may serve it with a static server:

  npm install -g serve
  serve -s build

Find out more about deployment here:

  https://cra.link/deployment

